Traceback (most recent call last):
  File "/shared/easybuild/extra/bin/software_subdir.py", line 11, in <module>
    from archspec.cpu.detect import compatible_microarchitectures, raw_info_dictionary
ModuleNotFoundError: No module named 'archspec'
Traceback (most recent call last):
  File "/shared/easybuild/extra/bin/software_subdir.py", line 11, in <module>
    from archspec.cpu.detect import compatible_microarchitectures, raw_info_dictionary
ModuleNotFoundError: No module named 'archspec'
INFO:root:Configuration file ./config/conf_brca_pam50_virchow2_optuna_clam_mil_mb.yaml loaded
INFO:root:Creating new project brca_pam50_virchow2_optuna_clam_mil_mb
INFO:root:Annotations file set to /shared/home/jorgarcia/PathBench-MIL/experiments/brca_pam50_virchow2_optuna_clam_mil_mb/annotations_brca_pam50.csv
INFO:root:Project brca_pam50_virchow2_optuna_clam_mil_mb created with annotations: /shared/home/jorgarcia/PathBench-MIL/experiments/brca_pam50_virchow2_optuna_clam_mil_mb/annotations_brca_pam50.csv
INFO:root:Added source 'tcga' to project 'brca_pam50_virchow2_optuna_clam_mil_mb'
INFO:root:Added source 'cptac' to project 'brca_pam50_virchow2_optuna_clam_mil_mb'
INFO:root:Config saved to experiments/brca_pam50_virchow2_optuna_clam_mil_mb/conf_brca_pam50_virchow2_optuna_clam_mil_mb.yaml
Note: Environment variable`HF_TOKEN` is set and is the current active token independently from the token you've just configured.
WARNING:huggingface_hub._login:Note: Environment variable`HF_TOKEN` is set and is the current active token independently from the token you've just configured.
INFO:root:Logged in to Hugging Face
INFO:root:Set environment variables for pretrained weights directory: ./pretrained_weights
INFO:root:Running optimization mode...
INFO:root:Starting Optuna optimization...
INFO:root:Objective metric: mean_f1
INFO:root:Search space: {'tile_px': [256], 'tile_um': [128], 'normalization': ['none'], 'feature_extraction': ['virchow2'], 'mil': ['clam_mil_mb'], 'loss': ['CrossEntropyLoss', 'FocalLoss'], 'activation_function': ['ReLU'], 'optimizer': ['AdamW']}
INFO:root:Using storage at sqlite:///experiments/brca_pam50_virchow2_optuna_clam_mil_mb/optimization/optuna_study.db for study 'brca_pam50_virchow2_optuna_clam_mil_mb_2026-03-02_17-59-11'.
[I 2026-03-02 17:59:17,045] A new study created in RDB with name: brca_pam50_virchow2_optuna_clam_mil_mb_2026-03-02_17-59-11
INFO:root:Starting optimization...
INFO:root:Starting trial 0...
INFO:root:Trial 0 hyperparameters: epochs=20, batch_size=128, tile_px=256, tile_um=128, normalization=none, feature_extraction=virchow2, mil=clam_mil_mb
INFO:root:Extracting tiles with quality control...
INFO:root:Using 8 threads for tile extraction
INFO:root:Tile extraction complete.
